# Generated by Fabric8 CRDGenerator, manual edits might get overwritten!
apiVersion: apiextensions.k8s.io/v1
kind: CustomResourceDefinition
metadata:
  name: lomboks.samples.fabric8.io
spec:
  group: samples.fabric8.io
  names:
    kind: Lombok
    plural: lomboks
    singular: lombok
  scope: Cluster
  versions:
  - name: v1alpha1
    schema:
      openAPIV3Schema:
        properties:
          spec:
            properties:
              myParamWithMin:
                minimum: 5.0
                type: integer
              myParamWithPattern:
                pattern: XYZ
                type: string
            type: object
          status:
            type: object
        type: object
    served: true
    storage: true
    subresources:
      status: {}
