# Generated by Fabric8 CRDGenerator, manual edits might get overwritten!
apiVersion: apiextensions.k8s.io/v1
kind: CustomResourceDefinition
metadata:
  name: containingmaps.map.fabric8.io
spec:
  group: map.fabric8.io
  names:
    kind: ContainingMaps
    plural: containingmaps
    singular: containingmaps
  scope: Cluster
  versions:
  - name: v1
    schema:
      openAPIV3Schema:
        properties:
          spec:
            properties:
              stringToIntMultiMap1:
                additionalProperties:
                  items:
                    type: integer
                  type: array
                type: object
              stringToIntMultiMap2:
                additionalProperties:
                  items:
                    type: integer
                  type: array
                type: object
              stringToIntMultiMap3:
                additionalProperties:
                  items:
                    type: integer
                  type: array
                type: object
              stringToIntMultiMap4:
                additionalProperties:
                  items:
                    type: integer
                  type: array
                type: object
              stringToIntMultiMap5:
                additionalProperties:
                  items:
                    type: integer
                  type: array
                type: object
              stringToIntMultiMap6:
                additionalProperties:
                  items:
                    type: integer
                  type: array
                type: object
              stringToIntMultiMap7:
                additionalProperties:
                  items:
                    type: integer
                  type: array
                type: object
            type: object
          status:
            type: object
        type: object
    served: true
    storage: true
