# Generated by Fabric8 CRDGenerator, manual edits might get overwritten!
apiVersion: apiextensions.k8s.io/v1beta1
kind: CustomResourceDefinition
metadata:
  name: multipleschemaswaps.acme.com
spec:
  group: acme.com
  names:
    kind: MultipleSchemaSwaps
    plural: multipleschemaswaps
    singular: multipleschemaswaps
  scope: Cluster
  validation:
    openAPIV3Schema:
      properties:
        spec:
          properties:
            first:
              properties:
                shouldBeString:
                  type: string
              type: object
            fourth:
              type: object
            second:
              properties:
                shouldBeString:
                  type: string
              type: object
            third:
              properties:
                shouldBeInt:
                  type: integer
              type: object
          type: object
        status:
          type: object
      type: object
  versions:
  - name: v1
    served: true
    storage: true
