# Generated by Fabric8 CRDGenerator, manual edits might get overwritten!
apiVersion: apiextensions.k8s.io/v1beta1
kind: CustomResourceDefinition
metadata:
  name: children.acme.com
spec:
  group: acme.com
  names:
    kind: Child
    plural: children
    singular: child
  scope: Namespaced
  subresources:
    status: {}
  validation:
    openAPIV3Schema:
      properties:
        spec:
          type: object
        status:
          type: object
      type: object
  versions:
  - name: v1alpha1
    served: true
    storage: true
