# Generated by Fabric8 CRDGenerator, manual edits might get overwritten!
apiVersion: apiextensions.k8s.io/v1beta1
kind: CustomResourceDefinition
metadata:
  annotations:
    my-annotation1: my-value1
    my-annotation2: my-value2
  name: options.samples.fabric8.io
spec:
  group: samples.fabric8.io
  names:
    kind: Option
    plural: options
    singular: option
  scope: Cluster
  subresources:
    status: {}
  validation:
    openAPIV3Schema:
      properties:
        spec:
          properties:
            myParamWithMin:
              minimum: 5.0
              type: integer
            myParamWithPattern:
              pattern: XYZ
              type: string
          type: object
        status:
          type: object
      type: object
  versions:
  - name: v1alpha1
    served: true
    storage: true
