# Generated by Fabric8 CRDGenerator, manual edits might get overwritten!
apiVersion: apiextensions.k8s.io/v1
kind: CustomResourceDefinition
metadata:
  name: jokes.samples.javaoperatorsdk.io
spec:
  group: samples.javaoperatorsdk.io
  names:
    kind: Joke
    plural: jokes
    singular: joke
  scope: Namespaced
  versions:
  - name: v1alpha1
    schema:
      openAPIV3Schema:
        properties:
          category:
            type: string
          id:
            type: integer
          joke:
            type: string
          lang:
            type: string
          safe:
            type: boolean
          spec:
            type: object
          status:
            type: object
        type: object
    served: true
    storage: true
